minute 10 Lv 4 coins 4 RP 3 P 7 task Practicing plank crafting skills woodcraft,shelter,stonework,fiberwork,woodwork,tracking,commerce
minute 20 Lv 5 coins 48 RP 4 P 7 task Collecting planks from the warehouse skills woodcraft,shelter,stonework,fiberwork,woodwork,tracking,commerce
minute 30 Lv 6 coins 64 RP 5 P 7 task Enjoying the glade skills woodcraft,shelter,stonework,fiberwork,woodwork,tracking,commerce
minute 40 Lv 7 coins 132 RP 34 P 7 task Enjoying the glade skills woodcraft,shelter,stonework,fiberwork,woodwork,tracking,commerce
minute 50 Lv 8 coins 92 RP 71 P 9 task Enjoying the glade skills woodcraft,shelter,stonework,fiberwork,woodwork,tracking,commerce
minute 60 Lv 9 coins 162 RP 103 P 9 task Enjoying the glade skills woodcraft,shelter,stonework,fiberwork,woodwork,tracking,commerce
minute 70 Lv 10 coins 230 RP 145 P 9 task Enjoying the glade skills woodcraft,shelter,stonework,fiberwork,woodwork,tracking,commerce
minute 80 Lv 10 coins 306 RP 177 P 9 task Enjoying the glade skills woodcraft,shelter,stonework,fiberwork,woodwork,tracking,commerce
[
  {
    "id": "lesson-woodcraft",
    "seconds": 0,
    "level": 1,
    "coins": 76,
    "rp": 8,
    "prestige": 0
  },
  {
    "id": "discovery-1",
    "seconds": 0,
    "level": 1,
    "coins": 76,
    "rp": 4,
    "prestige": 0
  },
  {
    "id": "lesson-shelter",
    "seconds": 10,
    "level": 1,
    "coins": 64,
    "rp": 2,
    "prestige": 0
  },
  {
    "id": "planned-bench",
    "seconds": 10,
    "level": 1,
    "coins": 64,
    "rp": 2,
    "prestige": 0
  },
  {
    "id": "lesson-stonework",
    "seconds": 50,
    "level": 1,
    "coins": 54,
    "rp": 0,
    "prestige": 0
  },
  {
    "id": "planned-shelter",
    "seconds": 50,
    "level": 1,
    "coins": 54,
    "rp": 0,
    "prestige": 0
  },
  {
    "id": "lesson-fiberwork",
    "seconds": 80,
    "level": 1,
    "coins": 48,
    "rp": 0,
    "prestige": 0
  },
  {
    "id": "lesson-woodwork",
    "seconds": 160,
    "level": 2,
    "coins": 28,
    "rp": 0,
    "prestige": 0
  },
  {
    "id": "lesson-tracking",
    "seconds": 260,
    "level": 2,
    "coins": 10,
    "rp": 0,
    "prestige": 0
  },
  {
    "id": "feature-quests",
    "seconds": 360,
    "level": 3,
    "coins": 12,
    "rp": 1,
    "prestige": 0
  },
  {
    "id": "quest-accepted",
    "seconds": 380,
    "level": 3,
    "coins": 12,
    "rp": 2,
    "prestige": 0
  },
  {
    "id": "lesson-commerce",
    "seconds": 450,
    "level": 3,
    "coins": 4,
    "rp": 5,
    "prestige": 7
  },
  {
    "id": "community-1",
    "seconds": 450,
    "level": 3,
    "coins": 4,
    "rp": 1,
    "prestige": 7
  },
  {
    "id": "earned-prestige",
    "seconds": 450,
    "level": 3,
    "coins": 4,
    "rp": 1,
    "prestige": 7
  },
  {
    "id": "feature-recruitment",
    "seconds": 630,
    "level": 4,
    "coins": 10,
    "rp": 1,
    "prestige": 7
  },
  {
    "id": "feature-trade",
    "seconds": 710,
    "level": 4,
    "coins": 22,
    "rp": 1,
    "prestige": 7
  },
  {
    "id": "community-2",
    "seconds": 960,
    "level": 4,
    "coins": 30,
    "rp": 1,
    "prestige": 7
  },
  {
    "id": "blueprint-market",
    "seconds": 1140,
    "level": 5,
    "coins": 48,
    "rp": 3,
    "prestige": 7
  },
  {
    "id": "planned-market",
    "seconds": 1140,
    "level": 5,
    "coins": 48,
    "rp": 3,
    "prestige": 7
  },
  {
    "id": "discovery-2",
    "seconds": 1320,
    "level": 5,
    "coins": 38,
    "rp": 1,
    "prestige": 7
  },
  {
    "id": "blueprint-map-table",
    "seconds": 1430,
    "level": 5,
    "coins": 50,
    "rp": 0,
    "prestige": 7
  },
  {
    "id": "planned-map_table",
    "seconds": 1430,
    "level": 5,
    "coins": 50,
    "rp": 0,
    "prestige": 7
  },
  {
    "id": "built-map-table",
    "seconds": 1590,
    "level": 5,
    "coins": 50,
    "rp": 2,
    "prestige": 7
  },
  {
    "id": "feature-land",
    "seconds": 1690,
    "level": 6,
    "coins": 62,
    "rp": 1,
    "prestige": 7
  },
  {
    "id": "unlocked-slot-2",
    "seconds": 2490,
    "level": 7,
    "coins": 152,
    "rp": 39,
    "prestige": 2
  },
  {
    "id": "second-shelter",
    "seconds": 2490,
    "level": 7,
    "coins": 152,
    "rp": 39,
    "prestige": 2
  },
  {
    "id": "recruited-second",
    "seconds": 2550,
    "level": 7,
    "coins": 32,
    "rp": 41,
    "prestige": 2
  },
  {
    "id": "bought-island",
    "seconds": 4880,
    "level": 11,
    "coins": 146,
    "rp": 184,
    "prestige": 4
  },
  {
    "id": "physical-market-sale",
    "seconds": 4910,
    "level": 11,
    "coins": 150,
    "rp": 184,
    "prestige": 4
  }
]

