{"kind":"littlewild-browser-provenance","node":"v24.19.0","playwright":"1.63.0","playwrightCore":"1.63.0","browser":"151.0.7922.173","selection":"explicit-override","args":["--no-sandbox","--enable-unsafe-swiftshader","--use-angle=swiftshader"]}
0/4

RTS play artifact boots standalone, advances its match and offers a resume after exit page.goto: net::ERR_BLOCKED_BY_ADMINISTRATOR at file:///workspace/work/armored-platoon/source/wildlands/.generated/artifacts/rts-play.html
Call log:
[2m  - navigating to "file:///workspace/work/armored-platoon/source/wildlands/.generated/artifacts/rts-play.html", waiting until "load"[22m

    at withArtifact (/workspace/work/armored-platoon/source/wildlands/.generated/verification/artifact-play-browser.js:42:20)
    at async check (/workspace/work/armored-platoon/source/wildlands/.generated/verification/artifact-play-browser.js:23:9)
    at async main (/workspace/work/armored-platoon/source/wildlands/.generated/verification/artifact-play-browser.js:57:9) {
  log: [
    '  - navigating to "file:///workspace/work/armored-platoon/source/wildlands/.generated/artifacts/rts-play.html", waiting until "load"'
  ],
  name: 'Error'
}
Pet play artifact boots standalone and renders the WebGL room page.goto: net::ERR_BLOCKED_BY_ADMINISTRATOR at file:///workspace/work/armored-platoon/source/wildlands/.generated/artifacts/pet-play.html
Call log:
[2m  - navigating to "file:///workspace/work/armored-platoon/source/wildlands/.generated/artifacts/pet-play.html", waiting until "load"[22m

    at withArtifact (/workspace/work/armored-platoon/source/wildlands/.generated/verification/artifact-play-browser.js:42:20)
    at async check (/workspace/work/armored-platoon/source/wildlands/.generated/verification/artifact-play-browser.js:23:9)
    at async main (/workspace/work/armored-platoon/source/wildlands/.generated/verification/artifact-play-browser.js:74:9) {
  log: [
    '  - navigating to "file:///workspace/work/armored-platoon/source/wildlands/.generated/artifacts/pet-play.html", waiting until "load"'
  ],
  name: 'Error'
}
Colony play artifact boots the colony and starts a story page.goto: net::ERR_BLOCKED_BY_ADMINISTRATOR at file:///workspace/work/armored-platoon/source/wildlands/.generated/artifacts/colony-play.html
Call log:
[2m  - navigating to "file:///workspace/work/armored-platoon/source/wildlands/.generated/artifacts/colony-play.html", waiting until "load"[22m

    at withArtifact (/workspace/work/armored-platoon/source/wildlands/.generated/verification/artifact-play-browser.js:42:20)
    at async check (/workspace/work/armored-platoon/source/wildlands/.generated/verification/artifact-play-browser.js:23:9)
    at async main (/workspace/work/armored-platoon/source/wildlands/.generated/verification/artifact-play-browser.js:84:9) {
  log: [
    '  - navigating to "file:///workspace/work/armored-platoon/source/wildlands/.generated/artifacts/colony-play.html", waiting until "load"'
  ],
  name: 'Error'
}
Studio artifact boots the colony with editors and export tools page.goto: net::ERR_BLOCKED_BY_ADMINISTRATOR at file:///workspace/work/armored-platoon/source/wildlands/.generated/artifacts/studio.html
Call log:
[2m  - navigating to "file:///workspace/work/armored-platoon/source/wildlands/.generated/artifacts/studio.html", waiting until "load"[22m

    at withArtifact (/workspace/work/armored-platoon/source/wildlands/.generated/verification/artifact-play-browser.js:42:20)
    at async check (/workspace/work/armored-platoon/source/wildlands/.generated/verification/artifact-play-browser.js:23:9)
    at async main (/workspace/work/armored-platoon/source/wildlands/.generated/verification/artifact-play-browser.js:97:9) {
  log: [
    '  - navigating to "file:///workspace/work/armored-platoon/source/wildlands/.generated/artifacts/studio.html", waiting until "load"'
  ],
  name: 'Error'
}
