
> wildlands@15.0.0 check:cli
> node --import tsx source/build.ts && node --import tsx source/tools/cli-bundle.cts --check ../../bin/wildlands

Built /workspace/work/armored-platoon/source/wildlands/.generated/artifacts/showcase.html (20,199,948 bytes)
Built /workspace/work/armored-platoon/source/wildlands/.generated/artifacts/studio.html (16,478,718 bytes)
Built /workspace/work/armored-platoon/source/wildlands/.generated/artifacts/colony-play.html (3,709,971 bytes)
Built /workspace/work/armored-platoon/source/wildlands/.generated/artifacts/armored-play.html (1,809,185 bytes)
Built /workspace/work/armored-platoon/source/wildlands/.generated/artifacts/rts-play.html (171,254 bytes)
Built /workspace/work/armored-platoon/source/wildlands/.generated/artifacts/process-play.html (1,707,513 bytes)
Built /workspace/work/armored-platoon/source/wildlands/.generated/artifacts/pet-play.html (2,619,093 bytes)
/workspace/work/armored-platoon/bin/wildlands is current (13,697,583 bytes, sha256 efdc491b1238c75cb2b8c1bb05d67b395cec5a0ecae4d447adf43fc64446d652)

> wildlands@15.0.0 check:demos
> node --import tsx source/build.ts && node --import tsx source/tools/demos.cts --check ../../demos

Built /workspace/work/armored-platoon/source/wildlands/.generated/artifacts/showcase.html (20,199,948 bytes)
Built /workspace/work/armored-platoon/source/wildlands/.generated/artifacts/studio.html (16,478,718 bytes)
Built /workspace/work/armored-platoon/source/wildlands/.generated/artifacts/colony-play.html (3,709,971 bytes)
Built /workspace/work/armored-platoon/source/wildlands/.generated/artifacts/armored-play.html (1,809,185 bytes)
Built /workspace/work/armored-platoon/source/wildlands/.generated/artifacts/rts-play.html (171,254 bytes)
Built /workspace/work/armored-platoon/source/wildlands/.generated/artifacts/process-play.html (1,707,513 bytes)
Built /workspace/work/armored-platoon/source/wildlands/.generated/artifacts/pet-play.html (2,619,093 bytes)
/workspace/work/armored-platoon/demos is current (agency-delivery 1,805,923 bytes, armored-platoon 1,809,495 bytes, emberworks 3,214,611 bytes, littlewild 3,224,928 bytes, office 3,473,160 bytes, pocket-pet 2,619,382 bytes, rts-frontier 171,545 bytes; engine 2338f02d9691a4629f35ddfa0b6d3c803832b3f9cc67ca468c54e42b01ccfe53)
